#
# There is insufficient memory for the Java Runtime Environment to continue.
# Native memory allocation (mmap) failed to map 4194304 bytes. Error detail: G1 virtual space
# Possible reasons:
#   The system is out of physical RAM or swap space
#   This process is running with CompressedOops enabled, and the Java Heap may be blocking the growth of the native heap
# Possible solutions:
#   Reduce memory load on the system
#   Increase physical memory or swap space
#   Check if swap backing store is full
#   Decrease Java heap size (-Xmx/-Xms)
#   Decrease number of Java threads
#   Decrease Java thread stack sizes (-Xss)
#   Set larger code cache with -XX:ReservedCodeCacheSize=
#   JVM is running with Zero Based Compressed Oops mode in which the Java heap is
#     placed in the first 32GB address space. The Java Heap base address is the
#     maximum limit for the native heap growth. Please use -XX:HeapBaseMinAddress
#     to set the Java Heap base and to place the Java Heap above 32GB virtual address.
# This output file may be truncated or incomplete.
#
#  Out of Memory Error (os_windows.cpp:3713), pid=29528, tid=30536
#
# JRE version:  (21.0.9+10) (build )
# Java VM: OpenJDK 64-Bit Server VM (21.0.9+10-LTS, mixed mode, sharing, tiered, compressed oops, compressed class ptrs, g1 gc, windows-amd64)
# No core dump will be written. Minidumps are not enabled by default on client versions of Windows
#

---------------  S U M M A R Y ------------

Command Line: --module-path=C:\Users\edwin\Downloads\openjfx-21.0.9_windows-x64_bin-sdk\javafx-sdk-21.0.9\lib --add-modules=javafx.controls,javafx.fxml -Dfile.encoding=UTF-8 -Dstdout.encoding=UTF-8 -Dstderr.encoding=UTF-8 --module-path=C:\Users\edwin\Downloads\openjfx-21.0.9_windows-x64_bin-sdk\javafx-sdk-21.0.9\lib\javafx.fxml.jar;C:\Users\edwin\Downloads\openjfx-21.0.9_windows-x64_bin-sdk\javafx-sdk-21.0.9\lib\javafx.graphics.jar;C:\Users\edwin\Downloads\openjfx-21.0.9_windows-x64_bin-sdk\javafx-sdk-21.0.9\lib\javafx.media.jar;C:\Users\edwin\Downloads\openjfx-21.0.9_windows-x64_bin-sdk\javafx-sdk-21.0.9\lib\javafx.swing.jar;C:\Users\edwin\Downloads\openjfx-21.0.9_windows-x64_bin-sdk\javafx-sdk-21.0.9\lib\javafx.web.jar;C:\Users\edwin\Downloads\openjfx-21.0.9_windows-x64_bin-sdk\javafx-sdk-21.0.9\lib\javafx.base.jar;C:\Users\edwin\Downloads\openjfx-21.0.9_windows-x64_bin-sdk\javafx-sdk-21.0.9\lib\javafx.controls.jar;C:\Users\edwin\Downloads\openjfx-21.0.9_windows-x64_bin-sdk\javafx-sdk-21.0.9\lib\javafx-swt.jar -XX:+ShowCodeDetailsInExceptionMessages app.MainApp

Host: Intel(R) Core(TM) i5-10400F CPU @ 2.90GHz, 12 cores, 15G,  Windows 11 , 64 bit Build 26100 (10.0.26100.7309)
Time: Sun Jan 11 17:26:02 2026 SE Asia Standard Time elapsed time: 0.012406 seconds (0d 0h 0m 0s)

---------------  T H R E A D  ---------------

Current thread (0x000002ae5ce011e0):  JavaThread "Unknown thread" [_thread_in_vm, id=30536, stack(0x000000f850500000,0x000000f850600000) (1024K)]

Stack: [0x000000f850500000,0x000000f850600000]
Native frames: (J=compiled Java code, j=interpreted, Vv=VM code, C=native code)
V  [jvm.dll+0x6d6e29]
V  [jvm.dll+0x8b4b76]
V  [jvm.dll+0x8b712e]
V  [jvm.dll+0x8b7813]
V  [jvm.dll+0x283d86]
V  [jvm.dll+0x6d3745]
V  [jvm.dll+0x6c747a]
V  [jvm.dll+0x35e7e8]
V  [jvm.dll+0x366426]
V  [jvm.dll+0x3b7413]
V  [jvm.dll+0x3b76a8]
V  [jvm.dll+0x3329ec]
V  [jvm.dll+0x33353b]
V  [jvm.dll+0x87deeb]
V  [jvm.dll+0x3c4381]
V  [jvm.dll+0x867135]
V  [jvm.dll+0x457391]
V  [jvm.dll+0x458f81]
C  [jli.dll+0x52d0]
C  [ucrtbase.dll+0x37b0]
C  [KERNEL32.DLL+0x2e8d7]
C  [ntdll.dll+0x8c53c]


---------------  P R O C E S S  ---------------

Threads class SMR info:
_java_thread_list=0x00007ffea86b91c8, length=0, elements={
}

Java Threads: ( => current thread )
Total: 0

Other Threads:
  0x000002ae5f252f60 WorkerThread "GC Thread#0"                     [id=34544, stack(0x000000f850600000,0x000000f850700000) (1024K)]
  0x000002ae5f263cd0 ConcurrentGCThread "G1 Main Marker"            [id=28540, stack(0x000000f850700000,0x000000f850800000) (1024K)]
  0x000002ae5f265d00 WorkerThread "G1 Conc#0"                       [id=24332, stack(0x000000f850800000,0x000000f850900000) (1024K)]

[error occurred during error reporting (printing all threads), id 0xc0000005, EXCEPTION_ACCESS_VIOLATION (0xc0000005) at pc=0x00007ffea7db50d7]
VM state: not at safepoint (not fully initialized)

VM Mutex/Monitor currently owned by a thread:  ([mutex/lock_event])
[0x00007ffea872d670] Heap_lock - owner thread: 0x000002ae5ce011e0

Heap address: 0x0000000701800000, size: 4072 MB, Compressed Oops mode: Zero based, Oop shift amount: 3

CDS archive(s) mapped at: [0x0000000000000000-0x0000000000000000-0x0000000000000000), size 0, SharedBaseAddress: 0x0000000800000000, ArchiveRelocationMode: 1.
Narrow klass base: 0x0000000000000000, Narrow klass shift: 0, Narrow klass range: 0x0

GC Precious Log:
 CardTable entry size: 512
 Card Set container configuration: InlinePtr #cards 4 size 8 Array Of Cards #cards 16 size 48 Howl #buckets 8 coarsen threshold 3686 Howl Bitmap #cards 512 size 80 coarsen threshold 460 Card regions per heap region 1 cards per card region 4096

Heap:
 garbage-first heap   total 0K, used 0K [0x0000000701800000, 0x0000000800000000)
  region size 2048K, 0 young (0K), 0 survivors (0K)

[error occurred during error reporting (printing heap information), id 0xc0000005, EXCEPTION_ACCESS_VIOLATION (0xc0000005) at pc=0x00007ffea81a07a9]
GC Heap History (0 events):
No events

Dll operation events (1 events):
Event: 0.006 Loaded shared library C:\Users\edwin\.p2\pool\plugins\org.eclipse.justj.openjdk.hotspot.jre.full.win32.x86_64_21.0.9.v20251105-0741\jre\bin\java.dll

Deoptimization events (0 events):
No events

Classes loaded (0 events):
No events

Classes unloaded (0 events):
No events

Classes redefined (0 events):
No events

Internal exceptions (0 events):
No events

ZGC Phase Switch (0 events):
No events

VM Operations (0 events):
No events

Memory protections (0 events):
No events

Nmethod flushes (0 events):
No events

Events (0 events):
No events


Dynamic libraries:
0x00007ff7240a0000 - 0x00007ff7240ae000 	C:\Users\edwin\.p2\pool\plugins\org.eclipse.justj.openjdk.hotspot.jre.full.win32.x86_64_21.0.9.v20251105-0741\jre\bin\javaw.exe
0x00007fff93660000 - 0x00007fff938c7000 	C:\WINDOWS\SYSTEM32\ntdll.dll
0x00007fff92010000 - 0x00007fff920d9000 	C:\WINDOWS\System32\KERNEL32.DLL
0x00007fff90890000 - 0x00007fff90c7f000 	C:\WINDOWS\System32\KERNELBASE.dll
0x00007fff90f10000 - 0x00007fff9105b000 	C:\WINDOWS\System32\ucrtbase.dll
0x00007fff46980000 - 0x00007fff46998000 	C:\Users\edwin\.p2\pool\plugins\org.eclipse.justj.openjdk.hotspot.jre.full.win32.x86_64_21.0.9.v20251105-0741\jre\bin\jli.dll
0x00007fff05570000 - 0x00007fff0558e000 	C:\Users\edwin\.p2\pool\plugins\org.eclipse.justj.openjdk.hotspot.jre.full.win32.x86_64_21.0.9.v20251105-0741\jre\bin\VCRUNTIME140.dll
0x00007fff91e10000 - 0x00007fff91fd5000 	C:\WINDOWS\System32\USER32.dll
0x00007fff7c3e0000 - 0x00007fff7c673000 	C:\WINDOWS\WinSxS\amd64_microsoft.windows.common-controls_6595b64144ccf1df_6.0.26100.7309_none_3e05feeae336a044\COMCTL32.dll
0x00007fff90860000 - 0x00007fff90887000 	C:\WINDOWS\System32\win32u.dll
0x00007fff91500000 - 0x00007fff9152b000 	C:\WINDOWS\System32\GDI32.dll
0x00007fff915b0000 - 0x00007fff91659000 	C:\WINDOWS\System32\msvcrt.dll
0x00007fff90de0000 - 0x00007fff90f0c000 	C:\WINDOWS\System32\gdi32full.dll
0x00007fff91350000 - 0x00007fff913f3000 	C:\WINDOWS\System32\msvcp_win.dll
0x00007fff920e0000 - 0x00007fff92111000 	C:\WINDOWS\System32\IMM32.DLL
0x00007fff6dd60000 - 0x00007fff6dd6c000 	C:\Users\edwin\.p2\pool\plugins\org.eclipse.justj.openjdk.hotspot.jre.full.win32.x86_64_21.0.9.v20251105-0741\jre\bin\vcruntime140_1.dll
0x00007ffee2f30000 - 0x00007ffee2fbd000 	C:\Users\edwin\.p2\pool\plugins\org.eclipse.justj.openjdk.hotspot.jre.full.win32.x86_64_21.0.9.v20251105-0741\jre\bin\msvcp140.dll
0x00007ffea7a70000 - 0x00007ffea8810000 	C:\Users\edwin\.p2\pool\plugins\org.eclipse.justj.openjdk.hotspot.jre.full.win32.x86_64_21.0.9.v20251105-0741\jre\bin\server\jvm.dll
0x00007fff92490000 - 0x00007fff92544000 	C:\WINDOWS\System32\ADVAPI32.dll
0x00007fff92550000 - 0x00007fff925f6000 	C:\WINDOWS\System32\sechost.dll
0x00007fff91af0000 - 0x00007fff91c08000 	C:\WINDOWS\System32\RPCRT4.dll
0x00007fff91ca0000 - 0x00007fff91d14000 	C:\WINDOWS\System32\WS2_32.dll
0x00007fff90430000 - 0x00007fff9048e000 	C:\WINDOWS\SYSTEM32\POWRPROF.dll
0x00007fff81b60000 - 0x00007fff81b95000 	C:\WINDOWS\SYSTEM32\WINMM.dll
0x00007fff890d0000 - 0x00007fff890db000 	C:\WINDOWS\SYSTEM32\VERSION.dll
0x00007fff90380000 - 0x00007fff90394000 	C:\WINDOWS\SYSTEM32\UMPDC.dll
0x00007fff8f560000 - 0x00007fff8f57b000 	C:\WINDOWS\SYSTEM32\kernel.appcore.dll
0x00007fff8ad80000 - 0x00007fff8ad8a000 	C:\Users\edwin\.p2\pool\plugins\org.eclipse.justj.openjdk.hotspot.jre.full.win32.x86_64_21.0.9.v20251105-0741\jre\bin\jimage.dll
0x00007fff7c9b0000 - 0x00007fff7cbf2000 	C:\WINDOWS\SYSTEM32\DBGHELP.DLL
0x00007fff93220000 - 0x00007fff935a5000 	C:\WINDOWS\System32\combase.dll
0x00007fff91d30000 - 0x00007fff91e06000 	C:\WINDOWS\System32\OLEAUT32.dll
0x00007fff7aae0000 - 0x00007fff7ab1c000 	C:\WINDOWS\SYSTEM32\dbgcore.DLL
0x00007fff907b0000 - 0x00007fff90855000 	C:\WINDOWS\System32\bcryptPrimitives.dll
0x00007fff72ce0000 - 0x00007fff72d00000 	C:\Users\edwin\.p2\pool\plugins\org.eclipse.justj.openjdk.hotspot.jre.full.win32.x86_64_21.0.9.v20251105-0741\jre\bin\java.dll

JVMTI agents: none

dbghelp: loaded successfully - version: 4.0.5 - missing functions: none
symbol engine: initialized successfully - sym options: 0x614 - pdb path: .;C:\Users\edwin\.p2\pool\plugins\org.eclipse.justj.openjdk.hotspot.jre.full.win32.x86_64_21.0.9.v20251105-0741\jre\bin;C:\WINDOWS\SYSTEM32;C:\WINDOWS\WinSxS\amd64_microsoft.windows.common-controls_6595b64144ccf1df_6.0.26100.7309_none_3e05feeae336a044;C:\Users\edwin\.p2\pool\plugins\org.eclipse.justj.openjdk.hotspot.jre.full.win32.x86_64_21.0.9.v20251105-0741\jre\bin\server

VM Arguments:
jvm_args: --module-path=C:\Users\edwin\Downloads\openjfx-21.0.9_windows-x64_bin-sdk\javafx-sdk-21.0.9\lib --add-modules=javafx.controls,javafx.fxml -Dfile.encoding=UTF-8 -Dstdout.encoding=UTF-8 -Dstderr.encoding=UTF-8 --module-path=C:\Users\edwin\Downloads\openjfx-21.0.9_windows-x64_bin-sdk\javafx-sdk-21.0.9\lib\javafx.fxml.jar;C:\Users\edwin\Downloads\openjfx-21.0.9_windows-x64_bin-sdk\javafx-sdk-21.0.9\lib\javafx.graphics.jar;C:\Users\edwin\Downloads\openjfx-21.0.9_windows-x64_bin-sdk\javafx-sdk-21.0.9\lib\javafx.media.jar;C:\Users\edwin\Downloads\openjfx-21.0.9_windows-x64_bin-sdk\javafx-sdk-21.0.9\lib\javafx.swing.jar;C:\Users\edwin\Downloads\openjfx-21.0.9_windows-x64_bin-sdk\javafx-sdk-21.0.9\lib\javafx.web.jar;C:\Users\edwin\Downloads\openjfx-21.0.9_windows-x64_bin-sdk\javafx-sdk-21.0.9\lib\javafx.base.jar;C:\Users\edwin\Downloads\openjfx-21.0.9_windows-x64_bin-sdk\javafx-sdk-21.0.9\lib\javafx.controls.jar;C:\Users\edwin\Downloads\openjfx-21.0.9_windows-x64_bin-sdk\javafx-sdk-21.0.9\lib\javafx-swt.jar -XX:+ShowCodeDetailsInExceptionMessages 
java_command: app.MainApp
java_class_path (initial): C:\Users\edwin\eclipse-workspace\Quiz Game\bin
Launcher Type: SUN_STANDARD

[Global flags]
     intx CICompilerCount                          = 4                                         {product} {ergonomic}
     uint ConcGCThreads                            = 3                                         {product} {ergonomic}
     uint G1ConcRefinementThreads                  = 10                                        {product} {ergonomic}
   size_t G1HeapRegionSize                         = 2097152                                   {product} {ergonomic}
    uintx GCDrainStackTargetSize                   = 64                                        {product} {ergonomic}
   size_t InitialHeapSize                          = 268435456                                 {product} {ergonomic}
   size_t MarkStackSize                            = 4194304                                   {product} {ergonomic}
   size_t MaxHeapSize                              = 4269801472                                {product} {ergonomic}
   size_t MinHeapDeltaBytes                        = 2097152                                   {product} {ergonomic}
   size_t MinHeapSize                              = 8388608                                   {product} {ergonomic}
    uintx NonNMethodCodeHeapSize                   = 5839372                                {pd product} {ergonomic}
    uintx NonProfiledCodeHeapSize                  = 122909434                              {pd product} {ergonomic}
    uintx ProfiledCodeHeapSize                     = 122909434                              {pd product} {ergonomic}
    uintx ReservedCodeCacheSize                    = 251658240                              {pd product} {ergonomic}
     bool SegmentedCodeCache                       = true                                      {product} {ergonomic}
     bool ShowCodeDetailsInExceptionMessages       = true                                   {manageable} {command line}
   size_t SoftMaxHeapSize                          = 4269801472                             {manageable} {ergonomic}
     bool UseCompressedOops                        = true                           {product lp64_product} {ergonomic}
     bool UseG1GC                                  = true                                      {product} {ergonomic}
     bool UseLargePagesIndividualAllocation        = false                                  {pd product} {ergonomic}

Logging:
Log output configuration:
 #0: stdout all=warning uptime,level,tags foldmultilines=false
 #1: stderr all=off uptime,level,tags foldmultilines=false

Release file:
<release file has not been read>
Environment Variables:
PATH=C:/Users/edwin/.p2/pool/plugins/org.eclipse.justj.openjdk.hotspot.jre.full.win32.x86_64_21.0.9.v20251105-0741/jre/bin/server;C:/Users/edwin/.p2/pool/plugins/org.eclipse.justj.openjdk.hotspot.jre.full.win32.x86_64_21.0.9.v20251105-0741/jre/bin;C:\Program Files\Common Files\Oracle\Java\javapath;C:\Program Files\Eclipse Adoptium\jdk-21.0.7.6-hotspot\bin;C:\WINDOWS\system32;C:\WINDOWS;C:\WINDOWS\System32\Wbem;C:\WINDOWS\System32\WindowsPowerShell\v1.0\;C:\WINDOWS\System32\OpenSSH\;C:\Users\edwin\AppData\Local\Programs\Python\Python312;C:\Users\edwin\AppData\Local\Programs\Python\Python312\Scripts;C:\Program Files\Git\cmd;C:\Program Files\playit_gg\bin\;C:\Program Files\nodejs\;C:\Program Files (x86)\NVIDIA Corporation\PhysX\Common;C:\Program Files\NVIDIA Corporation\NVIDIA NvDLISR;C:\Program Files (x86)\Windows Kits\10\Windows Performance Toolkit\;C:\Program Files\Graphviz\bin;C:\Users\edwin\AppData\Local\Programs\Python\Launcher\;C:\Users\edwin\AppData\Local\Microsoft\WindowsApps;C:\Users\edwin\AppData\Local\Programs\Microsoft VS Code\bin;C:\Users\edwin\AppData\Local\Microsoft\WinGet\Packages\Schniz.fnm_Microsoft.Winget.Source_8wekyb3d8bbwe;C:\Users\edwin\AppData\Roaming\npm;C:\MinGW\bin;C:\Program Files\Graphviz\bin;;C:\WINDOWS\System32;
USERNAME=edwin
OS=Windows_NT
PROCESSOR_IDENTIFIER=Intel64 Family 6 Model 165 Stepping 3, GenuineIntel
TMP=C:\Users\edwin\AppData\Local\Temp
TEMP=C:\Users\edwin\AppData\Local\Temp




Periodic native trim disabled

---------------  S Y S T E M  ---------------

OS:
 Windows 11 , 64 bit Build 26100 (10.0.26100.7309)
OS uptime: 30 days 0:08 hours

CPU: total 12 (initial active 12) (6 cores per cpu, 2 threads per core) family 6 model 165 stepping 3 microcode 0xf8, cx8, cmov, fxsr, ht, mmx, 3dnowpref, sse, sse2, sse3, ssse3, sse4.1, sse4.2, popcnt, lzcnt, tsc, tscinvbit, avx, avx2, aes, erms, clmul, bmi1, bmi2, adx, fma, vzeroupper, clflush, clflushopt, rdtscp, f16c
Processor Information for the first 12 processors :
  Max Mhz: 2904, Current Mhz: 2904, Mhz Limit: 2904

Memory: 4k page, system-wide physical 16280M (1980M free)
TotalPageFile size 22687M (AvailPageFile size 7M)
current process WorkingSet (physical memory assigned to process): 12M, peak: 12M
current process commit charge ("private bytes"): 321M, peak: 324M

vm_info: OpenJDK 64-Bit Server VM (21.0.9+10-LTS) for windows-amd64 JRE (21.0.9+10-LTS), built on 2025-10-21T00:00:00Z by "admin" with unknown MS VC++:1942

END.
